stm32f1xx_it.c:99:6:NMI_Handler	0	static
stm32f1xx_it.c:111:6:HardFault_Handler	0	static
stm32f1xx_it.c:124:6:MemManage_Handler	0	static
stm32f1xx_it.c:137:6:BusFault_Handler	0	static
stm32f1xx_it.c:150:6:UsageFault_Handler	0	static
stm32f1xx_it.c:163:6:SVC_Handler	0	static
stm32f1xx_it.c:175:6:DebugMon_Handler	0	static
stm32f1xx_it.c:187:6:PendSV_Handler	0	static
stm32f1xx_it.c:199:6:SysTick_Handler	0	static
stm32f1xx_it.c:219:6:EXTI1_IRQHandler	8	static
stm32f1xx_it.c:240:6:EXTI2_IRQHandler	8	static
stm32f1xx_it.c:260:6:EXTI3_IRQHandler	8	static
stm32f1xx_it.c:285:6:ADC1_2_IRQHandler	0	static
stm32f1xx_it.c:298:6:USART1_IRQHandler	0	static
stm32f1xx_it.c:311:6:set_modo_oper	0	static
stm32f1xx_it.c:328:5:get_modo_oper	0	static
stm32f1xx_it.c:338:6:set_modo_relogio	0	static
stm32f1xx_it.c:355:5:get_modo_relogio	0	static
stm32f1xx_it.c:364:5:get_horas	0	static
stm32f1xx_it.c:373:5:get_minutos	0	static
